// Jest Snapshot v1, https://goo.gl/fbAQLP

exports[`Should render login form 1`] = `
<div
  className="flex modal"
>
  <div
    className="logo-container"
  >
    <div
      className="logo-container__image"
    >
      <img
        alt="Author's haven logo"
        src="/assets/img/ah-logo.svg"
      />
    </div>
    <div
      className="logo-container__text"
    >
      <h3>
        AUTHOR'S HAVEN
      </h3>
    </div>
  </div>
  <Link
    className="modal__close"
    replace={false}
    to="/"
  >
    <FontAwesomeIcon
      border={false}
      className=""
      color="#ffffff"
      fixedWidth={false}
      flip={null}
      icon={
        Object {
          "icon": Array [
            352,
            512,
            Array [],
            "f00d",
            "M242.72 256l100.07-100.07c12.28-12.28 12.28-32.19 0-44.48l-22.24-22.24c-12.28-12.28-32.19-12.28-44.48 0L176 189.28 75.93 89.21c-12.28-12.28-32.19-12.28-44.48 0L9.21 111.45c-12.28 12.28-12.28 32.19 0 44.48L109.28 256 9.21 356.07c-12.28 12.28-12.28 32.19 0 44.48l22.24 22.24c12.28 12.28 32.2 12.28 44.48 0L176 322.72l100.07 100.07c12.28 12.28 32.2 12.28 44.48 0l22.24-22.24c12.28-12.28 12.28-32.19 0-44.48L242.72 256z",
          ],
          "iconName": "times",
          "prefix": "fas",
        }
      }
      inverse={false}
      listItem={false}
      mask={null}
      pull={null}
      pulse={false}
      rotation={null}
      size="2x"
      spin={false}
      symbol={false}
      title=""
      transform={null}
    />
  </Link>
  <div
    className="login-block"
  >
    <SocialLoginBtn />
    <form
      className="login-block__form"
    >
      <input
        className=""
        name="email"
        onBlur={[Function]}
        onChange={[Function]}
        placeholder="email"
        required={true}
        type="email"
        value=""
      />
      <input
        className=""
        name="password"
        onBlur={[Function]}
        onChange={[Function]}
        placeholder="password"
        required={true}
        type="password"
        value=""
      />
      <button
        className="button button--primary"
        onClick={[Function]}
      >
        <span
          className="button__text--login undefined"
        >
          Login
        </span>
        <span />
      </button>
    </form>
    <withRouter(SocialLoginIcons)
      switchQuickAuthAction={[Function]}
    />
    <div
      className="break"
    />
    <div
      className="reset-password"
    >
      Forgot Password? 
      <Link
        replace={false}
        to="/forgotPassword/verify"
      >
        Click here
      </Link>
    </div>
  </div>
</div>
`;
