// Jest Snapshot v1, https://goo.gl/fbAQLP

exports[`Should render stats component correctly 1`] = `
<div
  className="stats"
>
  <div
    className="stats__numbers stats__numbers--writers"
  >
    <div>
      <h2
        className="banner__off-white-text"
      >
        Connect with
      </h2>
      <h2>
        <span
          className="banner__yellow-text"
        >
          undefined+ 
        </span>
        <span
          className="banner__off-white-text"
        >
          writers
        </span>
      </h2>
    </div>
  </div>
  <div
    className="stats__top-authors"
  >
    <div>
      <h1
        className="hidden-on-mobile"
      >
        Join these 
        <br />
         successful writers
      </h1>
      <div
        className="stats__top-authors__authors"
      >
        <div
          className="author"
        >
          <img
            alt="Omo"
            src="the-first-image"
          />
          <div>
            <h3>
              Omo
            </h3>
            <p>
              <span
                className="banner__yellow-text"
              >
                12+
              </span>
               articles
            </p>
            <p>
              <span
                className="banner__yellow-text"
              >
                21+
              </span>
               followers
            </p>
          </div>
        </div>
        <div
          className="author"
        >
          <img
            alt="Omoefe"
            src="the-second-image"
          />
          <div>
            <h3>
              Omoefe
            </h3>
            <p>
              <span
                className="banner__yellow-text"
              >
                20+
              </span>
               articles
            </p>
            <p>
              <span
                className="banner__yellow-text"
              >
                78+
              </span>
               followers
            </p>
          </div>
        </div>
      </div>
    </div>
  </div>
  <div
    className="stats__numbers stats__numbers--readers"
  >
    <div>
      <h2
        className="banner__off-white-text"
      >
        Publish to
      </h2>
      <h2>
        <span
          className="banner__yellow-text"
        >
          undefined+ 
           
        </span>
        <span
          className="banner__off-white-text"
        >
          readers
        </span>
      </h2>
    </div>
  </div>
</div>
`;
