// Jest Snapshot v1, https://goo.gl/fbAQLP

exports[`Should render static component 1`] = `
<div
  className="comment-create-field"
>
  <TextAreaInput
    className="article-comment-field"
    onChange={[Function]}
    placeHolder="Your message"
    placeholder="Your message"
    value=""
  />
  <Button
    className="article-comment-field__button"
    isRequestSent={false}
    onClick={[Function]}
    type="submit"
    value="submit"
  />
</div>
`;
