// Jest Snapshot v1, https://goo.gl/fbAQLP

exports[`Should render component correctly 1`] = `
<div
  className="edit-profile body-section"
>
  <div
    className="section-edit-profile-info"
  >
    <div
      className="edit-profile__firstname"
    >
      <div>
        <span>
          First Name:
        </span>
        <small
          className="update-profile-error-message"
        >
           
        </small>
      </div>
      <div>
        <input
          className=""
          onBlur={[Function]}
          onChange={[Function]}
          value="Omoefe"
        />
      </div>
    </div>
    <div
      className="edit-profile__lastname"
    >
      <div>
        <span>
          Last Name: 
        </span>
        <span
          className="update-profile-error-message"
        >
           
        </span>
      </div>
      <div>
        <input
          className=""
          onBlur={[Function]}
          onChange={[Function]}
          value="Dukuye"
        />
      </div>
    </div>
    <div
      className="edit-profile__username"
    >
      <div>
        <span>
          Username: 
        </span>
        <span
          className="update-profile-error-message"
        >
           
        </span>
      </div>
      <div>
        <input
          className=""
          onBlur={[Function]}
          onChange={[Function]}
          value="Omoefe94460"
        />
      </div>
    </div>
    <div
      className="profile__bio"
    >
      <div>
        <span>
          Bio: 
        </span>
        <span
          className="update-profile-error-message"
        >
           
        </span>
      </div>
      <div>
        <textarea
          onBlur={[Function]}
          onChange={[Function]}
          value=""
        />
      </div>
    </div>
    <button
      className="button button--primary"
      disabled={false}
      onClick={[Function]}
    >
      <span
        className="button__text--login undefined"
      >
        Update
      </span>
      <span />
    </button>
    <VerticalMargin
      className="show-for-medium"
      size={10}
    />
  </div>
</div>
`;
