// Jest Snapshot v1, https://goo.gl/fbAQLP

exports[`it renders correctly as a static component 1`] = `
<div
  className="header"
>
  <button
    onClick={[Function]}
  >
    <div
      className="logo-container"
    >
      <div
        className="logo-image"
      >
        <img
          alt="Author's haven logo"
          src="/assets/img/ah-logo.svg"
        />
      </div>
      <div
        className="logo-text"
      >
        <h3>
          AUTHOR'S HAVEN
        </h3>
      </div>
    </div>
  </button>
  <div
    className="nav-container"
  >
    <ul>
      <li>
        <Link
          replace={false}
          to="/"
        >
          <img
            alt="search icon"
            src="/assets/img/search-icon.svg"
          />
        </Link>
      </li>
      <li>
        <button
          className="signup-link"
          onClick={[Function]}
        >
          Signup
        </button>
      </li>
      <li>
        <button
          className="login-link"
          onClick={[Function]}
        >
          Login
        </button>
      </li>
    </ul>
  </div>
  <div
    className="mobile-header"
  >
    <FontAwesomeIcon
      border={false}
      className=""
      color="#818181"
      fixedWidth={false}
      flip={null}
      icon="bars"
      inverse={false}
      listItem={false}
      mask={null}
      pull={null}
      pulse={false}
      rotation={null}
      size="2x"
      spin={false}
      symbol={false}
      title=""
      transform={null}
    />
    <div
      className="mobile-header-text"
    >
      <h3>
        AUTHOR'S HAVEN
      </h3>
    </div>
    <div
      className="mobile-header-search-icon"
    >
      <img
        alt="Mobile view search icon"
        src="/assets/img/search-icon.svg"
      />
    </div>
  </div>
</div>
`;
