// Jest Snapshot v1, https://goo.gl/fbAQLP

exports[`Should render static component 1`] = `
<div
  className="notifications-widget"
>
  <button
    className="notifications-widget__rounded-image"
    onClick={[Function]}
  >
    <div
      className="notifications-widget__rounded-image__badge"
    />
    <RoundedImage
      alt="notifications widget"
      imageSource="/assets/img/placeholder-profile-picture.png"
    />
  </button>
  <div
    className="notifications-widget__preview-pane--wrapper hidden"
  >
    <div
      className="notifications-widget__preview-pane hidden"
    >
      <ul>
        <Connect(NotificationsPreviewItem)
          key="Any"
          notification={
            Object {
              "articleId": "1",
              "message": "this is the first notification",
              "time": "8675678uygi",
            }
          }
          ownerId="id"
        />
        <Connect(NotificationsPreviewItem)
          key="Any"
          notification={
            Object {
              "articleId": "2",
              "message": "this is the second notification",
              "time": "8675678uygisd3",
            }
          }
          ownerId="id"
        />
        <Connect(NotificationsPreviewItem)
          key="Any"
          notification={
            Object {
              "articleId": "3",
              "message": "this is the third notification",
              "time": "8675678uygjkhi",
            }
          }
          ownerId="id"
        />
        <li>
          <button>
            Log Out
          </button>
        </li>
      </ul>
    </div>
  </div>
</div>
`;
