// Jest Snapshot v1, https://goo.gl/fbAQLP

exports[`Should render static component 1`] = `
<div
  className="header__notification-widget"
>
  <Connect(NotificationWidgetIcon)
    notifications={
      Array [
        Object {
          "articleId": "1",
          "message": "this is the first notification",
          "time": "8675678uygi",
        },
        Object {
          "articleId": "2",
          "message": "this is the second notification",
          "time": "8675678uygisd3",
        },
        Object {
          "articleId": "3",
          "message": "this is the third notification",
          "read": true,
          "time": "8675678uygjkhi",
        },
      ]
    }
    toggleBubble={[Function]}
  />
</div>
`;
