// Jest Snapshot v1, https://goo.gl/fbAQLP

exports[`Should render search form 1`] = `
<form
  onSubmit={[Function]}
>
  <div
    className="search-bar w-100"
  >
    <input
      disabled={false}
      onChange={[Function]}
      placeholder="Search for articles..."
      type="text"
      value=""
    />
  </div>
</form>
`;
